<html>
<body>
<pre>
<h1>µVision Build Log</h1>
<h2>Tool Versions:</h2>
IDE-Version: µVision V5.31.0.0
Copyright (C) 2020 ARM Ltd and ARM Germany GmbH. All rights reserved.
License Information: haseeb ulhassan, uet, LIC=----
 
Tool Versions:
Toolchain:       MDK-Lite  Version: 5.31.0.0
Toolchain Path:  C:\Keil_v5\ARM\ARMCLANG\Bin
C Compiler:      ArmClang.exe V6.14
Assembler:       Armasm.exe V6.14
Linker/Locator:  ArmLink.exe V6.14
Library Manager: ArmAr.exe V6.14
Hex Converter:   FromElf.exe V6.14
CPU DLL:         SARMCM3.DLL V5.31.0.0
Dialog DLL:      DCM.DLL V1.17.3.0
Target DLL:      lmidk-agdi.dll V???
Dialog DLL:      TCM.DLL V1.46.0.0
 
<h2>Project:</h2>
C:\Users\dell\Desktop\2022,mc58\Semester5\ES-II\2022_MC_58_Lab_5\lab_5_task_0\task1.uvprojx
Project File Date:  10/16/2024

<h2>Output:</h2>
*** Using Compiler 'V6.14', folder: 'C:\Keil_v5\ARM\ARMCLANG\Bin'
Rebuild target 'Target 1'
assembling startup_TM4C123.s...
RTE/Device/TM4C123GH6PM/system_TM4C123.c(13): warning: In file included from...
C:/Users/dell/AppData/Local/Arm/Packs/Keil/TM4C_DFP/1.1.0/Device/Include/TM4C123\TM4C123.h(98): warning: In file included from...
C:/Users/dell/AppData/Local/Arm/Packs/Keil/TM4C_DFP/1.1.0/Device/Include/TM4C123/TM4C123GH6PM.h(298): warning: anonymous unions are a C11 extension [-Wc11-extensions]
  union {
  ^
C:/Users/dell/AppData/Local/Arm/Packs/Keil/TM4C_DFP/1.1.0/Device/Include/TM4C123/TM4C123GH6PM.h(338): warning: anonymous unions are a C11 extension [-Wc11-extensions]
  union {
  ^
C:/Users/dell/AppData/Local/Arm/Packs/Keil/TM4C_DFP/1.1.0/Device/Include/TM4C123/TM4C123GH6PM.h(357): warning: anonymous unions are a C11 extension [-Wc11-extensions]
  union {
  ^
C:/Users/dell/AppData/Local/Arm/Packs/Keil/TM4C_DFP/1.1.0/Device/Include/TM4C123/TM4C123GH6PM.h(713): warning: anonymous unions are a C11 extension [-Wc11-extensions]
  union {
  ^
C:/Users/dell/AppData/Local/Arm/Packs/Keil/TM4C_DFP/1.1.0/Device/Include/TM4C123/TM4C123GH6PM.h(729): warning: anonymous unions are a C11 extension [-Wc11-extensions]
  union {
  ^
C:/Users/dell/AppData/Local/Arm/Packs/Keil/TM4C_DFP/1.1.0/Device/Include/TM4C123/TM4C123GH6PM.h(774): warning: anonymous unions are a C11 extension [-Wc11-extensions]
  union {
  ^
C:/Users/dell/AppData/Local/Arm/Packs/Keil/TM4C_DFP/1.1.0/Device/Include/TM4C123/TM4C123GH6PM.h(779): warning: anonymous unions are a C11 extension [-Wc11-extensions]
  union {
  ^
C:/Users/dell/AppData/Local/Arm/Packs/Keil/TM4C_DFP/1.1.0/Device/Include/TM4C123/TM4C123GH6PM.h(872): warning: anonymous unions are a C11 extension [-Wc11-extensions]
  union {
  ^
C:/Users/dell/AppData/Local/Arm/Packs/Keil/TM4C_DFP/1.1.0/Device/Include/TM4C123/TM4C123GH6PM.h(885): warning: anonymous unions are a C11 extension [-Wc11-extensions]
  union {
  ^
C:/Users/dell/AppData/Local/Arm/Packs/Keil/TM4C_DFP/1.1.0/Device/Include/TM4C123/TM4C123GH6PM.h(892): warning: anonymous unions are a C11 extension [-Wc11-extensions]
  union {
  ^
C:/Users/dell/AppData/Local/Arm/Packs/Keil/TM4C_DFP/1.1.0/Device/Include/TM4C123/TM4C123GH6PM.h(897): warning: anonymous unions are a C11 extension [-Wc11-extensions]
  union {
  ^
C:/Users/dell/AppData/Local/Arm/Packs/Keil/TM4C_DFP/1.1.0/Device/Include/TM4C123/TM4C123GH6PM.h(904): warning: anonymous unions are a C11 extension [-Wc11-extensions]
  union {
  ^
C:/Users/dell/AppData/Local/Arm/Packs/Keil/TM4C_DFP/1.1.0/Device/Include/TM4C123/TM4C123GH6PM.h(910): warning: anonymous unions are a C11 extension [-Wc11-extensions]
  union {
  ^
C:/Users/dell/AppData/Local/Arm/Packs/Keil/TM4C_DFP/1.1.0/Device/Include/TM4C123/TM4C123GH6PM.h(917): warning: anonymous unions are a C11 extension [-Wc11-extensions]
  union {
  ^
C:/Users/dell/AppData/Local/Arm/Packs/Keil/TM4C_DFP/1.1.0/Device/Include/TM4C123/TM4C123GH6PM.h(924): warning: anonymous unions are a C11 extension [-Wc11-extensions]
  union {
  ^
C:/Users/dell/AppData/Local/Arm/Packs/Keil/TM4C_DFP/1.1.0/Device/Include/TM4C123/TM4C123GH6PM.h(929): warning: anonymous unions are a C11 extension [-Wc11-extensions]
  union {
  ^
C:/Users/dell/AppData/Local/Arm/Packs/Keil/TM4C_DFP/1.1.0/Device/Include/TM4C123/TM4C123GH6PM.h(936): warning: anonymous unions are a C11 extension [-Wc11-extensions]
  union {
  ^
C:/Users/dell/AppData/Local/Arm/Packs/Keil/TM4C_DFP/1.1.0/Device/Include/TM4C123/TM4C123GH6PM.h(942): warning: anonymous unions are a C11 extension [-Wc11-extensions]
  union {
  ^
C:/Users/dell/AppData/Local/Arm/Packs/Keil/TM4C_DFP/1.1.0/Device/Include/TM4C123/TM4C123GH6PM.h(949): warning: anonymous unions are a C11 extension [-Wc11-extensions]
  union {
  ^
C:/Users/dell/AppData/Local/Arm/Packs/Keil/TM4C_DFP/1.1.0/Device/Include/TM4C123/TM4C123GH6PM.h(956): warning: anonymous unions are a C11 extension [-Wc11-extensions]
  union {
  ^
C:/Users/dell/AppData/Local/Arm/Packs/Keil/TM4C_DFP/1.1.0/Device/Include/TM4C123/TM4C123GH6PM.h(961): warning: anonymous unions are a C11 extension [-Wc11-extensions]
  union {
  ^
C:/Users/dell/AppData/Local/Arm/Packs/Keil/TM4C_DFP/1.1.0/Device/Include/TM4C123/TM4C123GH6PM.h(968): warning: anonymous unions are a C11 extension [-Wc11-extensions]
  union {
  ^
C:/Users/dell/AppData/Local/Arm/Packs/Keil/TM4C_DFP/1.1.0/Device/Include/TM4C123/TM4C123GH6PM.h(974): warning: anonymous unions are a C11 extension [-Wc11-extensions]
  union {
  ^
C:/Users/dell/AppData/Local/Arm/Packs/Keil/TM4C_DFP/1.1.0/Device/Include/TM4C123/TM4C123GH6PM.h(981): warning: anonymous unions are a C11 extension [-Wc11-extensions]
  union {
  ^
C:/Users/dell/AppData/Local/Arm/Packs/Keil/TM4C_DFP/1.1.0/Device/Include/TM4C123/TM4C123GH6PM.h(988): warning: anonymous unions are a C11 extension [-Wc11-extensions]
  union {
  ^
C:/Users/dell/AppData/Local/Arm/Packs/Keil/TM4C_DFP/1.1.0/Device/Include/TM4C123/TM4C123GH6PM.h(993): warning: anonymous unions are a C11 extension [-Wc11-extensions]
  union {
  ^
C:/Users/dell/AppData/Local/Arm/Packs/Keil/TM4C_DFP/1.1.0/Device/Include/TM4C123/TM4C123GH6PM.h(1000): warning: anonymous unions are a C11 extension [-Wc11-extensions]
  union {
  ^
C:/Users/dell/AppData/Local/Arm/Packs/Keil/TM4C_DFP/1.1.0/Device/Include/TM4C123/TM4C123GH6PM.h(1006): warning: anonymous unions are a C11 extension [-Wc11-extensions]
  union {
  ^
C:/Users/dell/AppData/Local/Arm/Packs/Keil/TM4C_DFP/1.1.0/Device/Include/TM4C123/TM4C123GH6PM.h(1013): warning: anonymous unions are a C11 extension [-Wc11-extensions]
  union {
  ^
C:/Users/dell/AppData/Local/Arm/Packs/Keil/TM4C_DFP/1.1.0/Device/Include/TM4C123/TM4C123GH6PM.h(1020): warning: anonymous unions are a C11 extension [-Wc11-extensions]
  union {
  ^
C:/Users/dell/AppData/Local/Arm/Packs/Keil/TM4C_DFP/1.1.0/Device/Include/TM4C123/TM4C123GH6PM.h(1025): warning: anonymous unions are a C11 extension [-Wc11-extensions]
  union {
  ^
C:/Users/dell/AppData/Local/Arm/Packs/Keil/TM4C_DFP/1.1.0/Device/Include/TM4C123/TM4C123GH6PM.h(1032): warning: anonymous unions are a C11 extension [-Wc11-extensions]
  union {
  ^
C:/Users/dell/AppData/Local/Arm/Packs/Keil/TM4C_DFP/1.1.0/Device/Include/TM4C123/TM4C123GH6PM.h(1038): warning: anonymous unions are a C11 extension [-Wc11-extensions]
  union {
  ^
C:/Users/dell/AppData/Local/Arm/Packs/Keil/TM4C_DFP/1.1.0/Device/Include/TM4C123/TM4C123GH6PM.h(1045): warning: anonymous unions are a C11 extension [-Wc11-extensions]
  union {
  ^
C:/Users/dell/AppData/Local/Arm/Packs/Keil/TM4C_DFP/1.1.0/Device/Include/TM4C123/TM4C123GH6PM.h(1052): warning: anonymous unions are a C11 extension [-Wc11-extensions]
  union {
  ^
C:/Users/dell/AppData/Local/Arm/Packs/Keil/TM4C_DFP/1.1.0/Device/Include/TM4C123/TM4C123GH6PM.h(1057): warning: anonymous unions are a C11 extension [-Wc11-extensions]
  union {
  ^
C:/Users/dell/AppData/Local/Arm/Packs/Keil/TM4C_DFP/1.1.0/Device/Include/TM4C123/TM4C123GH6PM.h(1064): warning: anonymous unions are a C11 extension [-Wc11-extensions]
  union {
  ^
C:/Users/dell/AppData/Local/Arm/Packs/Keil/TM4C_DFP/1.1.0/Device/Include/TM4C123/TM4C123GH6PM.h(1070): warning: anonymous unions are a C11 extension [-Wc11-extensions]
  union {
  ^
C:/Users/dell/AppData/Local/Arm/Packs/Keil/TM4C_DFP/1.1.0/Device/Include/TM4C123/TM4C123GH6PM.h(1077): warning: anonymous unions are a C11 extension [-Wc11-extensions]
  union {
  ^
C:/Users/dell/AppData/Local/Arm/Packs/Keil/TM4C_DFP/1.1.0/Device/Include/TM4C123/TM4C123GH6PM.h(1084): warning: anonymous unions are a C11 extension [-Wc11-extensions]
  union {
  ^
C:/Users/dell/AppData/Local/Arm/Packs/Keil/TM4C_DFP/1.1.0/Device/Include/TM4C123/TM4C123GH6PM.h(1089): warning: anonymous unions are a C11 extension [-Wc11-extensions]
  union {
  ^
C:/Users/dell/AppData/Local/Arm/Packs/Keil/TM4C_DFP/1.1.0/Device/Include/TM4C123/TM4C123GH6PM.h(1096): warning: anonymous unions are a C11 extension [-Wc11-extensions]
  union {
  ^
C:/Users/dell/AppData/Local/Arm/Packs/Keil/TM4C_DFP/1.1.0/Device/Include/TM4C123/TM4C123GH6PM.h(1102): warning: anonymous unions are a C11 extension [-Wc11-extensions]
  union {
  ^
C:/Users/dell/AppData/Local/Arm/Packs/Keil/TM4C_DFP/1.1.0/Device/Include/TM4C123/TM4C123GH6PM.h(1251): warning: anonymous unions are a C11 extension [-Wc11-extensions]
  union {
  ^
44 warnings generated.
compiling system_TM4C123.c...
task0.c(3): warning: In file included from...
C:/Users/dell/AppData/Local/Arm/Packs/Keil/TM4C_DFP/1.1.0/Device/Include/TM4C123\TM4C123.h(98): warning: In file included from...
C:/Users/dell/AppData/Local/Arm/Packs/Keil/TM4C_DFP/1.1.0/Device/Include/TM4C123/TM4C123GH6PM.h(298): warning: anonymous unions are a C11 extension [-Wc11-extensions]
  union {
  ^
C:/Users/dell/AppData/Local/Arm/Packs/Keil/TM4C_DFP/1.1.0/Device/Include/TM4C123/TM4C123GH6PM.h(338): warning: anonymous unions are a C11 extension [-Wc11-extensions]
  union {
  ^
C:/Users/dell/AppData/Local/Arm/Packs/Keil/TM4C_DFP/1.1.0/Device/Include/TM4C123/TM4C123GH6PM.h(357): warning: anonymous unions are a C11 extension [-Wc11-extensions]
  union {
  ^
C:/Users/dell/AppData/Local/Arm/Packs/Keil/TM4C_DFP/1.1.0/Device/Include/TM4C123/TM4C123GH6PM.h(713): warning: anonymous unions are a C11 extension [-Wc11-extensions]
  union {
  ^
C:/Users/dell/AppData/Local/Arm/Packs/Keil/TM4C_DFP/1.1.0/Device/Include/TM4C123/TM4C123GH6PM.h(729): warning: anonymous unions are a C11 extension [-Wc11-extensions]
  union {
  ^
C:/Users/dell/AppData/Local/Arm/Packs/Keil/TM4C_DFP/1.1.0/Device/Include/TM4C123/TM4C123GH6PM.h(774): warning: anonymous unions are a C11 extension [-Wc11-extensions]
  union {
  ^
C:/Users/dell/AppData/Local/Arm/Packs/Keil/TM4C_DFP/1.1.0/Device/Include/TM4C123/TM4C123GH6PM.h(779): warning: anonymous unions are a C11 extension [-Wc11-extensions]
  union {
  ^
C:/Users/dell/AppData/Local/Arm/Packs/Keil/TM4C_DFP/1.1.0/Device/Include/TM4C123/TM4C123GH6PM.h(872): warning: anonymous unions are a C11 extension [-Wc11-extensions]
  union {
  ^
C:/Users/dell/AppData/Local/Arm/Packs/Keil/TM4C_DFP/1.1.0/Device/Include/TM4C123/TM4C123GH6PM.h(885): warning: anonymous unions are a C11 extension [-Wc11-extensions]
  union {
  ^
C:/Users/dell/AppData/Local/Arm/Packs/Keil/TM4C_DFP/1.1.0/Device/Include/TM4C123/TM4C123GH6PM.h(892): warning: anonymous unions are a C11 extension [-Wc11-extensions]
  union {
  ^
C:/Users/dell/AppData/Local/Arm/Packs/Keil/TM4C_DFP/1.1.0/Device/Include/TM4C123/TM4C123GH6PM.h(897): warning: anonymous unions are a C11 extension [-Wc11-extensions]
  union {
  ^
C:/Users/dell/AppData/Local/Arm/Packs/Keil/TM4C_DFP/1.1.0/Device/Include/TM4C123/TM4C123GH6PM.h(904): warning: anonymous unions are a C11 extension [-Wc11-extensions]
  union {
  ^
C:/Users/dell/AppData/Local/Arm/Packs/Keil/TM4C_DFP/1.1.0/Device/Include/TM4C123/TM4C123GH6PM.h(910): warning: anonymous unions are a C11 extension [-Wc11-extensions]
  union {
  ^
C:/Users/dell/AppData/Local/Arm/Packs/Keil/TM4C_DFP/1.1.0/Device/Include/TM4C123/TM4C123GH6PM.h(917): warning: anonymous unions are a C11 extension [-Wc11-extensions]
  union {
  ^
C:/Users/dell/AppData/Local/Arm/Packs/Keil/TM4C_DFP/1.1.0/Device/Include/TM4C123/TM4C123GH6PM.h(924): warning: anonymous unions are a C11 extension [-Wc11-extensions]
  union {
  ^
C:/Users/dell/AppData/Local/Arm/Packs/Keil/TM4C_DFP/1.1.0/Device/Include/TM4C123/TM4C123GH6PM.h(929): warning: anonymous unions are a C11 extension [-Wc11-extensions]
  union {
  ^
C:/Users/dell/AppData/Local/Arm/Packs/Keil/TM4C_DFP/1.1.0/Device/Include/TM4C123/TM4C123GH6PM.h(936): warning: anonymous unions are a C11 extension [-Wc11-extensions]
  union {
  ^
C:/Users/dell/AppData/Local/Arm/Packs/Keil/TM4C_DFP/1.1.0/Device/Include/TM4C123/TM4C123GH6PM.h(942): warning: anonymous unions are a C11 extension [-Wc11-extensions]
  union {
  ^
C:/Users/dell/AppData/Local/Arm/Packs/Keil/TM4C_DFP/1.1.0/Device/Include/TM4C123/TM4C123GH6PM.h(949): warning: anonymous unions are a C11 extension [-Wc11-extensions]
  union {
  ^
C:/Users/dell/AppData/Local/Arm/Packs/Keil/TM4C_DFP/1.1.0/Device/Include/TM4C123/TM4C123GH6PM.h(956): warning: anonymous unions are a C11 extension [-Wc11-extensions]
  union {
  ^
C:/Users/dell/AppData/Local/Arm/Packs/Keil/TM4C_DFP/1.1.0/Device/Include/TM4C123/TM4C123GH6PM.h(961): warning: anonymous unions are a C11 extension [-Wc11-extensions]
  union {
  ^
C:/Users/dell/AppData/Local/Arm/Packs/Keil/TM4C_DFP/1.1.0/Device/Include/TM4C123/TM4C123GH6PM.h(968): warning: anonymous unions are a C11 extension [-Wc11-extensions]
  union {
  ^
C:/Users/dell/AppData/Local/Arm/Packs/Keil/TM4C_DFP/1.1.0/Device/Include/TM4C123/TM4C123GH6PM.h(974): warning: anonymous unions are a C11 extension [-Wc11-extensions]
  union {
  ^
C:/Users/dell/AppData/Local/Arm/Packs/Keil/TM4C_DFP/1.1.0/Device/Include/TM4C123/TM4C123GH6PM.h(981): warning: anonymous unions are a C11 extension [-Wc11-extensions]
  union {
  ^
C:/Users/dell/AppData/Local/Arm/Packs/Keil/TM4C_DFP/1.1.0/Device/Include/TM4C123/TM4C123GH6PM.h(988): warning: anonymous unions are a C11 extension [-Wc11-extensions]
  union {
  ^
C:/Users/dell/AppData/Local/Arm/Packs/Keil/TM4C_DFP/1.1.0/Device/Include/TM4C123/TM4C123GH6PM.h(993): warning: anonymous unions are a C11 extension [-Wc11-extensions]
  union {
  ^
C:/Users/dell/AppData/Local/Arm/Packs/Keil/TM4C_DFP/1.1.0/Device/Include/TM4C123/TM4C123GH6PM.h(1000): warning: anonymous unions are a C11 extension [-Wc11-extensions]
  union {
  ^
C:/Users/dell/AppData/Local/Arm/Packs/Keil/TM4C_DFP/1.1.0/Device/Include/TM4C123/TM4C123GH6PM.h(1006): warning: anonymous unions are a C11 extension [-Wc11-extensions]
  union {
  ^
C:/Users/dell/AppData/Local/Arm/Packs/Keil/TM4C_DFP/1.1.0/Device/Include/TM4C123/TM4C123GH6PM.h(1013): warning: anonymous unions are a C11 extension [-Wc11-extensions]
  union {
  ^
C:/Users/dell/AppData/Local/Arm/Packs/Keil/TM4C_DFP/1.1.0/Device/Include/TM4C123/TM4C123GH6PM.h(1020): warning: anonymous unions are a C11 extension [-Wc11-extensions]
  union {
  ^
C:/Users/dell/AppData/Local/Arm/Packs/Keil/TM4C_DFP/1.1.0/Device/Include/TM4C123/TM4C123GH6PM.h(1025): warning: anonymous unions are a C11 extension [-Wc11-extensions]
  union {
  ^
C:/Users/dell/AppData/Local/Arm/Packs/Keil/TM4C_DFP/1.1.0/Device/Include/TM4C123/TM4C123GH6PM.h(1032): warning: anonymous unions are a C11 extension [-Wc11-extensions]
  union {
  ^
C:/Users/dell/AppData/Local/Arm/Packs/Keil/TM4C_DFP/1.1.0/Device/Include/TM4C123/TM4C123GH6PM.h(1038): warning: anonymous unions are a C11 extension [-Wc11-extensions]
  union {
  ^
C:/Users/dell/AppData/Local/Arm/Packs/Keil/TM4C_DFP/1.1.0/Device/Include/TM4C123/TM4C123GH6PM.h(1045): warning: anonymous unions are a C11 extension [-Wc11-extensions]
  union {
  ^
C:/Users/dell/AppData/Local/Arm/Packs/Keil/TM4C_DFP/1.1.0/Device/Include/TM4C123/TM4C123GH6PM.h(1052): warning: anonymous unions are a C11 extension [-Wc11-extensions]
  union {
  ^
C:/Users/dell/AppData/Local/Arm/Packs/Keil/TM4C_DFP/1.1.0/Device/Include/TM4C123/TM4C123GH6PM.h(1057): warning: anonymous unions are a C11 extension [-Wc11-extensions]
  union {
  ^
C:/Users/dell/AppData/Local/Arm/Packs/Keil/TM4C_DFP/1.1.0/Device/Include/TM4C123/TM4C123GH6PM.h(1064): warning: anonymous unions are a C11 extension [-Wc11-extensions]
  union {
  ^
C:/Users/dell/AppData/Local/Arm/Packs/Keil/TM4C_DFP/1.1.0/Device/Include/TM4C123/TM4C123GH6PM.h(1070): warning: anonymous unions are a C11 extension [-Wc11-extensions]
  union {
  ^
C:/Users/dell/AppData/Local/Arm/Packs/Keil/TM4C_DFP/1.1.0/Device/Include/TM4C123/TM4C123GH6PM.h(1077): warning: anonymous unions are a C11 extension [-Wc11-extensions]
  union {
  ^
C:/Users/dell/AppData/Local/Arm/Packs/Keil/TM4C_DFP/1.1.0/Device/Include/TM4C123/TM4C123GH6PM.h(1084): warning: anonymous unions are a C11 extension [-Wc11-extensions]
  union {
  ^
C:/Users/dell/AppData/Local/Arm/Packs/Keil/TM4C_DFP/1.1.0/Device/Include/TM4C123/TM4C123GH6PM.h(1089): warning: anonymous unions are a C11 extension [-Wc11-extensions]
  union {
  ^
C:/Users/dell/AppData/Local/Arm/Packs/Keil/TM4C_DFP/1.1.0/Device/Include/TM4C123/TM4C123GH6PM.h(1096): warning: anonymous unions are a C11 extension [-Wc11-extensions]
  union {
  ^
C:/Users/dell/AppData/Local/Arm/Packs/Keil/TM4C_DFP/1.1.0/Device/Include/TM4C123/TM4C123GH6PM.h(1102): warning: anonymous unions are a C11 extension [-Wc11-extensions]
  union {
  ^
C:/Users/dell/AppData/Local/Arm/Packs/Keil/TM4C_DFP/1.1.0/Device/Include/TM4C123/TM4C123GH6PM.h(1251): warning: anonymous unions are a C11 extension [-Wc11-extensions]
  union {
  ^
task0.c(12): warning: no previous extern declaration for non-static variable 'CC_7seg_Table' [-Wmissing-variable-declarations]
unsigned char CC_7seg_Table[10] ={0x3F,0x06,0x5B,0x4F,0x66,0x6D,0x7D,0x07,0x7F,0x6F} ;
              ^
task0.c(12): note: declare 'static' if the variable is not intended to be used outside of this translation unit
unsigned char CC_7seg_Table[10] ={0x3F,0x06,0x5B,0x4F,0x66,0x6D,0x7D,0x07,0x7F,0x6F} ;
^
task0.c(13): warning: no previous extern declaration for non-static variable 'i' [-Wmissing-variable-declarations]
int i = 0;
    ^
task0.c(13): note: declare 'static' if the variable is not intended to be used outside of this translation unit
int i = 0;
^
task0.c(14): warning: no previous extern declaration for non-static variable 'count1' [-Wmissing-variable-declarations]
int count1 = 0;
    ^
task0.c(14): note: declare 'static' if the variable is not intended to be used outside of this translation unit
int count1 = 0;
^
task0.c(47): warning: for loop has empty body [-Wempty-body]
                        for (j =0; j< 3 ; j++);
                                              ^
task0.c(47): note: put the semicolon on a separate line to silence this warning
task0.c(74): warning: implicit conversion changes signedness: 'int' to 'unsigned int' [-Wsign-conversion]
        GPIOF->AFSEL &= ~(0x01); // Disable for PB0-7 (1111 1111)
                     ~~ ^~~~~~~
task0.c(91): warning: implicit conversion changes signedness: 'int' to 'unsigned int' [-Wsign-conversion]
        GPIOB->AFSEL &= ~(0xFF); // Disable for PB0-7 (1111 1111)
                     ~~ ^~~~~~~
task0.c(6): warning: no previous extern declaration for non-static variable 'j' [-Wmissing-variable-declarations]
unsigned volatile long j;
                       ^
task0.c(6): note: declare 'static' if the variable is not intended to be used outside of this translation unit
unsigned volatile long j;
^
task0.c(7): warning: no previous extern declaration for non-static variable 'ik' [-Wmissing-variable-declarations]
unsigned volatile long ik;
                       ^
task0.c(7): note: declare 'static' if the variable is not intended to be used outside of this translation unit
unsigned volatile long ik;
^
52 warnings generated.
compiling task0.c...
linking...
Program Size: Code=1164 RO-data=652 RW-data=12 ZI-data=624  
".\Objects\task1.axf" - 0 Error(s), 96 Warning(s).

<h2>Software Packages used:</h2>

Package Vendor: ARM
                https://www.keil.com/pack/ARM.CMSIS.6.1.0.pack
                ARM.CMSIS.6.1.0
                CMSIS (Common Microcontroller Software Interface Standard)
   * Component: CORE Version: 6.1.0

Package Vendor: Keil
                http://www.keil.com/pack/Keil.TM4C_DFP.1.1.0.pack
                Keil.TM4C_DFP.1.1.0
                Texas Instruments Tiva C Series Device Support and Examples
   * Component: Startup Version: 1.0.1

<h2>Collection of Component include folders:</h2>
  .\RTE\_Target_1
  C:\Users\dell\AppData\Local\Arm\Packs\ARM\CMSIS\6.1.0\CMSIS\Core\Include
  C:\Users\dell\AppData\Local\Arm\Packs\Keil\TM4C_DFP\1.1.0\Device\Include\TM4C123

<h2>Collection of Component Files used:</h2>

   * Component: ARM::CMSIS:CORE:6.1.0

   * Component: Keil::Device:Startup:1.0.1
      Source file:   Device\Source\system_TM4C123.c
      Include file:  Device\Include\TM4C123\TM4C123.h
      Source file:   Device\Source\ARM\startup_TM4C123.s
Build Time Elapsed:  00:00:01
</pre>
</body>
</html>
